<suite parallel = "tests" name="Suite1" verbose="1" >
    <test name="Submit Order Test" >
        <classes>
            <class name="stepDefinitions.StepDefinitions"/>
        </classes>
    </test>
    <test name="Error Validations Test">
        <classes>
            <class name="stepDefinitions.StepDefinitions"/>
        </classes>
    </test>
</suite>